PASS: p1_backend_hash_matches_manifest
PASS: canonical_reference_functional_is_implemented
PASS: historical_backend_remains_separate_proxy
PASS: fourth_order_principal_coefficient_positive
PASS: q0_matches_linear_symbol_shell
PASS: mu2_matches_linear_symbol_minimum
PASS: linear_symbol_has_positive_lower_bound
PASS: linear_symbol_controls_h2_norm
PASS: family_mass_matrix_is_positive_semidefinite
PASS: lock_coefficient_is_nonnegative
PASS: lock_projector_is_hermitian
PASS: lock_projector_is_idempotent
PASS: production_shell_bias_is_zero_for_continuum_pde
PASS: rho_regularizer_is_positive
PASS: classii_mass_regularizer_is_positive
PASS: classii_diagonal_coefficients_positive
PASS: classii_coefficient_matrix_positive_definite
PASS: classii_coercivity_constant_positive
PASS: sextic_coefficient_positive
PASS: quartic_is_absorbed_by_half_of_sextic
Verdict: A2-FULL-COERCIVITY-BASELINE-PASS
Evidence: C:\Dev\TECT\claims\a2\bundle\b-a2\claims\a2\runs\2026-07-17-coercivity-baseline\result.json
